&control
calculation = 'bands'
wf_collect = .true.
prefix = 'MoS2'
pseudo_dir = '../pseudo'
/
&system
ibrav = 4
celldm(1) = 3.169
celldm(3) = 20.0
ecutwfc = 45.0
nbnd = 100
nat = 3
ntyp = 2
/
ATOMIC_SPECIES
Mo   95.95  Mo.UPF
S    32.06  S.UPF
ATOMIC_POSITIONS angstrom
Mo  1.5845  0.9148  3.0810
S   0.0000  1.8296  1.5158
S   0.0000  1.8296  4.6461
K_POINTS crystal
576
